{
    "Parameters: default": {
        "content": [
            [
                "id_mappings.csv:md5,71ebb4334e4a319a1a007370e36c98f7"
            ],
            [
                "samplesheet.csv:md5,0f35f9485a633d9c581903abd611b646"
            ]
        ],
        "timestamp": "2023-08-25T14:23:33+0000"
    }
}