{
    "Parameters: --skip_fastq_download": {
        "content": [
            {
                "0": [
                    
                ],
                "1": [
                    "samplesheet.csv:md5,0a9b99509bcc64ca245408b6bb634f15"
                ],
                "2": [
                    "id_mappings.csv:md5,3e70c965568c59f8c8fbb8e99e7a8b79"
                ],
                "3": [
                    [
                        "multiqc_config.yml:md5,6d4c3e5137704358474330207f5f2b5c",
                        "versions.yml:md5,1496d1cbc9041e07ab8a0c25f0b054d9"
                    ]
                ],
                "4": [
                    "versions.yml:md5,1496d1cbc9041e07ab8a0c25f0b054d9",
                    "versions.yml:md5,9b17045ca8bdc272cb3f9d349a81d206",
                    "versions.yml:md5,b21338b74b9a8fe0c7a114f7686c07cd",
                    "versions.yml:md5,b52279f7d6b891a6523d9321f3f85b47"
                ],
                "fastq": [
                    
                ],
                "mappings": [
                    "id_mappings.csv:md5,3e70c965568c59f8c8fbb8e99e7a8b79"
                ],
                "sample_mappings": [
                    [
                        "multiqc_config.yml:md5,6d4c3e5137704358474330207f5f2b5c",
                        "versions.yml:md5,1496d1cbc9041e07ab8a0c25f0b054d9"
                    ]
                ],
                "samplesheet": [
                    "samplesheet.csv:md5,0a9b99509bcc64ca245408b6bb634f15"
                ],
                "versions": [
                    "versions.yml:md5,1496d1cbc9041e07ab8a0c25f0b054d9",
                    "versions.yml:md5,9b17045ca8bdc272cb3f9d349a81d206",
                    "versions.yml:md5,b21338b74b9a8fe0c7a114f7686c07cd",
                    "versions.yml:md5,b52279f7d6b891a6523d9321f3f85b47"
                ]
            }
        ],
        "timestamp": "2023-10-18T09:50:04.300075498"
    }
}