{
    "test_se_reads_size": {
        "content": [
            19996
        ],
        "timestamp": "2024-01-30T18:05:15.684489"
    },
    "test_pe_reads_2_lines": {
        "content": [
            [
                "@SRR11140744.1 M01472:285:000000000-CYHNP:1:1101:12117:3295 length=251",
                "ACAGGACACGAGTAACTCGTCTATCTTCTGCTGGCTGCTTACGGTTTCGTCCGTGTTGCAGCCGATCATCAGCACATCTAGGTTTCGTCCGGGTGTGACCGAAAGGTAAGATGGAGAGCCTTGTCCCTGGTTTCAACGAGAAAACACACGTCCAACTCAGTTTGCCTGTTTTACAGGTTCGCGACGTGCTCGTACGTGGCTTTGGAGACTCCGTGGAGGAGGTCTTATCAGAGGCACGTCAACATCTTAAA",
                "+SRR11140744.1 M01472:285:000000000-CYHNP:1:1101:12117:3295 length=251",
                "ABAAAFBFFBDBGGGGGGGGGGHHHHHHHHHHCHGHGGGHHHGGHGGHGHGGGHFHHHHHHHHGGGGGHHHHHHHHHFHHHHGHHHGHGGGGGEFGDGHHGFGGGHHHHHGHHGGHHFHHHHGHHHHHHHHHHHHHHGFFGGHHHHHHGGHHGGHHHHHEGHHHHHHHGHHGHHFHHHHHGGGGGGGGGGGGAGGG9BEFFFFFFFFFFFFFFEEFFFFFFFA.FFFFFFFEFEFFFFFFF.BFFFFFFFB",
                "@SRR11140744.2 M01472:285:000000000-CYHNP:1:1101:20752:3564 length=238",
                "GTGCACTCACGCAGTATAATTAATAACTAATTACTGTCGTTGACAGGACACGAGTAACTCGTCTATCTTCTGCAGGCTGCTTACGGTTTCGTCCGTGTTGCAGCCGATCATCAGCACATCTAGGTTTCGTCCGGGTGTGACCGAAAGGTAAGATGGAGAGCCTTGTCCCTGGTTTCAACGAGAAAACACACGTCCAACTCAGTTTGCCTGTTTTACAGGTTCGCGACGTGCTCGTACG"
            ]
        ],
        "timestamp": "2024-01-30T18:05:15.670447"
    },
    "test_pe_reads_2_size": {
        "content": [
            2011460
        ],
        "timestamp": "2024-01-30T18:05:15.675771"
    },
    "versions": {
        "content": [
            [
                "versions.yml:md5,1a2218ff913fc33408bffccb081b5048",
                "versions.yml:md5,1a2218ff913fc33408bffccb081b5048",
                "versions.yml:md5,2f3b3a13b36dabf13f09327613d5558d",
                "versions.yml:md5,98d78bba9f3da39a0b7db6e9c7dcc224"
            ]
        ],
        "timestamp": "2024-01-30T18:05:15.692165"
    },
    "test_pe_reads_1_size": {
        "content": [
            2013376
        ],
        "timestamp": "2024-01-30T18:05:15.666916"
    },
    "test_se_reads_lines": {
        "content": [
            [
                "@DRR000774.1 1 length=421",
                "ACGCAGGTGCCAGCAGCCGCGGTAATACGTAGGATCCGAGCGTTGTCCGGATTTATTGGGCGTAAAGGGTGCGTAGGCGGCTTGTCAAGTCTCATGTGAAATCTCCCGGCTCAACTGGGAGGGTCATGGGAAACTGATGAGCTCGAGGGCAGTAGAGGGAAGCGGAATTCCGAGAGTAGTGGTGAAATGCGTAGATACTCGGAGGAACACCAGTGGCGAAAGCGGCTTCCTGGACTGTACCTGACGCTGAGGCACGAAAGCGTGGGGAGCAAACCGGATTAGATACCCGGGTAGTCCACGCCCTAAACGATGGATACTAGATATAGGGGGTATCGACCCTCTGTGTCGAAGCTAACGCATTAAGTATCCCGCCTGAGGAGTACGGCCGCAAGGCTAAAACTTAAGGAATTGACGGCTGCGT",
                "+DRR000774.1 1 length=421",
                "FFFFFFFFFFFIIIIIIIIIIIIIIIIIIIIIIIIIIIIIIIIIIIIIIIHHFFFFFFFFFFFFFFFFFFFFFFFFFFFFFFFFFFFFFFFFFFFFFF:88FFF888???DBBBBB666F222ADDDFFF::;FFFFFFFFFFFFFFFFFFFFFFFFFFFF9:::FFFFCCCFFFFDDDFFFFF<<<FFFFFFFFFFFFFFFFFFFFFDDDFFFFFCC???FFCAADD::9FFFFD;;;FFFFFFFFFFFFFFFGA?==BA==2221<6@;<<@@551?ADDDDD:::CC?DBABBA5552219;;87<7988?====BDD:::?57555??=<4/0004044???ABDDDDDDDDB><<<8888886623//38><83238@B@@<;855557,,,,,,,0/0;;8:==DDDDDDDDD9:",
                "@DRR000774.2 2 length=126",
                "ACGCAGGTGCCAGCAGCCGCGGTAATACGGAGGGAGCTAGCGTTGTTCGGAATTACTGGGCGTAAAGCGCACGTAGGCGGCTTTTCAAGTCAGGGGTGGAAATACCCGGGGCCGTCAACCCGACCG"
            ]
        ],
        "timestamp": "2024-01-30T18:05:15.679779"
    },
    "test_pe_reads_1_lines": {
        "content": [
            [
                "@SRR11140744.1 M01472:285:000000000-CYHNP:1:1101:12117:3295 length=251",
                "ACATAGGGCTGTTCAAGTTGAGGCAAAACGCCTTTTTCAACTTCTACTAAGCCACAAGTGCCATCTTTAAGATGTTGACGTGCCTCTGATAAGACCTCCTCCACGGAGTCTCCAAAGCCACGTACGAGCACGTCGCGAACCTGTAAAACAGGCAAACTGAGTTGGACGTGTGTTTTCTCGTTGAAACCAGGGACAAGGCTCTCCATCTTACCTTTCGGTCACACCCGGACGAAACCTAGATGTGCTGATGA",
                "+SRR11140744.1 M01472:285:000000000-CYHNP:1:1101:12117:3295 length=251",
                "BCCCCFFFFFCFGGGGGGGGGGHGGHHHHGGGHGHHHHHHHHHHHHHHHHHHHHHHHGHHHHHHHHHHHHHHHHHHHHHGGGHHHHHGHHGHHHHHHHHHHHHHGGGGGHHHHHHHHHHHHGHHHGGGGGHGHHGGGGGGGHHHHHHHHHHHGGHHHHHFHHHHHHHGGGHHHHHHHHHGGGHHHHHHHHGGGGGGGFGGGGGGGGGGGGGGGGGGGGGGFFFFFFFFFDFFFFFFFFFFFFFFFFFFFFB",
                "@SRR11140744.2 M01472:285:000000000-CYHNP:1:1101:20752:3564 length=238",
                "CGTACGAGCACGTCGCGAACCTGTAAAACAGGCAAACTGAGTTGGACGTGTGTTTTCTCGTTGAAACCAGGGACAAGGCTCTCCATCTTACCTTTCGGTCACACCCGGACGAAACCTAGATGTGCTGATGATCGGCTGCAACACGGACGAAACCGTAAGCAGCCTGCAGAAGATAGACGAGTTACTCGTGTCCTGTCAACGACAGTAATTAGTTATTAATTATACTGCGTGAGTGCAC"
            ]
        ],
        "timestamp": "2024-01-30T18:05:15.654112"
    }
}