{
    "samplesheet": {
        "content": [
            "id_mappings.csv:md5,3e287081f1e9349921fa8c709a874565",
            "multiqc_config.yml:md5,a97047e12b0ea3f46d285629e4053548",
            "samplesheet.csv:md5,296e139d533c7a67567dd073ec0f945a"
        ],
        "timestamp": "2023-09-11T17:08:51.001588"
    },
    "software_versions": {
        "content": [
            "software_versions.yml:md5,966251d4b7717464ccea77d6e8841e58"
        ],
        "timestamp": "2023-09-11T17:08:50.994607"
    }
}